// Jest Snapshot v1, https://goo.gl/fbAQLP

exports[`renders temperature screen correctly 1`] = `
<View
  style={
    Object {
      "alignItems": "center",
      "backgroundColor": "#2c5364",
      "flex": 1,
      "justifyContent": "center",
      "padding": "5%",
    }
  }
>
  <View
    onLayout={[Function]}
    style={
      Object {
        "flex": 1,
      }
    }
  />
</View>
`;
